 _________________________________________________

 KRAKENC-Pekeris profile                                                         
 Nominal Frequency =   73.00    Hz
 NMedia    =   1


     C-Linear approximation to SSP
     Attenuation units: dB/wavelength


   z (m)     alphaR (m/s)   betaR  rho (g/cm^3)  alphaI     betaI

     VACUUM

       ( # mesh points =   100  RMS roughness =  0.500     m )
      0.00      1497.70      0.00     1.00       0.0000    0.0000
      0.70      1497.72      0.00     1.00       0.0000    0.0000
      1.40      1497.71      0.00     1.00       0.0000    0.0000
      2.10      1497.83      0.00     1.00       0.0000    0.0000
      2.80      1497.66      0.00     1.00       0.0000    0.0000
      3.50      1496.27      0.00     1.00       0.0000    0.0000
      4.20      1495.04      0.00     1.00       0.0000    0.0000
      4.90      1494.36      0.00     1.00       0.0000    0.0000
      5.60      1492.90      0.00     1.00       0.0000    0.0000
      6.30      1491.65      0.00     1.00       0.0000    0.0000
      7.00      1491.51      0.00     1.00       0.0000    0.0000
      7.70      1491.47      0.00     1.00       0.0000    0.0000
      8.40      1491.48      0.00     1.00       0.0000    0.0000
      9.10      1491.53      0.00     1.00       0.0000    0.0000
      9.80      1491.54      0.00     1.00       0.0000    0.0000
     10.50      1491.54      0.00     1.00       0.0000    0.0000
     11.20      1491.49      0.00     1.00       0.0000    0.0000
     11.90      1491.48      0.00     1.00       0.0000    0.0000
     12.60      1491.24      0.00     1.00       0.0000    0.0000
     13.30      1490.94      0.00     1.00       0.0000    0.0000
     14.00      1490.73      0.00     1.00       0.0000    0.0000
     14.70      1490.63      0.00     1.00       0.0000    0.0000
     15.40      1490.36      0.00     1.00       0.0000    0.0000
     16.10      1490.07      0.00     1.00       0.0000    0.0000
     16.80      1490.02      0.00     1.00       0.0000    0.0000
     17.50      1489.68      0.00     1.00       0.0000    0.0000
     18.20      1489.63      0.00     1.00       0.0000    0.0000
     18.90      1489.64      0.00     1.00       0.0000    0.0000
     19.60      1487.01      0.00     1.00       0.0000    0.0000
     20.30      1487.01      0.00     1.00       0.0000    0.0000
     21.00      1487.01      0.00     1.00       0.0000    0.0000
     21.70      1487.01      0.00     1.00       0.0000    0.0000
     22.40      1487.01      0.00     1.00       0.0000    0.0000
     23.10      1487.01      0.00     1.00       0.0000    0.0000
     23.80      1487.01      0.00     1.00       0.0000    0.0000
     24.50      1487.01      0.00     1.00       0.0000    0.0000
     25.20      1487.01      0.00     1.00       0.0000    0.0000
     25.90      1487.01      0.00     1.00       0.0000    0.0000
     26.60      1487.01      0.00     1.00       0.0000    0.0000
     27.30      1487.01      0.00     1.00       0.0000    0.0000
     28.00      1487.01      0.00     1.00       0.0000    0.0000
     28.70      1487.01      0.00     1.00       0.0000    0.0000
     29.40      1487.01      0.00     1.00       0.0000    0.0000
     30.10      1487.01      0.00     1.00       0.0000    0.0000
     30.80      1487.01      0.00     1.00       0.0000    0.0000
     31.50      1487.01      0.00     1.00       0.0000    0.0000
     32.20      1487.01      0.00     1.00       0.0000    0.0000
     32.90      1487.01      0.00     1.00       0.0000    0.0000
     33.60      1487.01      0.00     1.00       0.0000    0.0000
     34.30      1487.01      0.00     1.00       0.0000    0.0000
     35.00      1487.01      0.00     1.00       0.0000    0.0000
     35.70      1487.01      0.00     1.00       0.0000    0.0000
     36.40      1487.01      0.00     1.00       0.0000    0.0000
     37.10      1487.01      0.00     1.00       0.0000    0.0000
     37.80      1487.01      0.00     1.00       0.0000    0.0000
     38.50      1487.01      0.00     1.00       0.0000    0.0000
     39.20      1487.01      0.00     1.00       0.0000    0.0000
     39.90      1487.01      0.00     1.00       0.0000    0.0000
     40.60      1487.01      0.00     1.00       0.0000    0.0000
     41.30      1487.01      0.00     1.00       0.0000    0.0000
     42.00      1487.01      0.00     1.00       0.0000    0.0000
     42.70      1487.01      0.00     1.00       0.0000    0.0000
     43.40      1487.01      0.00     1.00       0.0000    0.0000
     44.10      1487.01      0.00     1.00       0.0000    0.0000
     44.80      1487.01      0.00     1.00       0.0000    0.0000
     45.50      1487.01      0.00     1.00       0.0000    0.0000
     46.20      1487.01      0.00     1.00       0.0000    0.0000
     46.90      1487.01      0.00     1.00       0.0000    0.0000
     47.60      1487.01      0.00     1.00       0.0000    0.0000
     48.30      1487.01      0.00     1.00       0.0000    0.0000
     49.00      1487.01      0.00     1.00       0.0000    0.0000
     49.70      1487.01      0.00     1.00       0.0000    0.0000
     50.40      1487.01      0.00     1.00       0.0000    0.0000
     51.10      1487.01      0.00     1.00       0.0000    0.0000
     51.80      1487.01      0.00     1.00       0.0000    0.0000
     52.50      1487.01      0.00     1.00       0.0000    0.0000
     53.20      1487.01      0.00     1.00       0.0000    0.0000
     53.90      1487.01      0.00     1.00       0.0000    0.0000
     54.60      1487.01      0.00     1.00       0.0000    0.0000
     55.30      1487.01      0.00     1.00       0.0000    0.0000
     56.00      1487.01      0.00     1.00       0.0000    0.0000
     56.70      1487.01      0.00     1.00       0.0000    0.0000
     57.40      1487.01      0.00     1.00       0.0000    0.0000
     58.10      1487.01      0.00     1.00       0.0000    0.0000
     58.80      1487.01      0.00     1.00       0.0000    0.0000
     59.50      1487.01      0.00     1.00       0.0000    0.0000
     60.20      1487.01      0.00     1.00       0.0000    0.0000
     60.90      1487.01      0.00     1.00       0.0000    0.0000
     61.60      1487.01      0.00     1.00       0.0000    0.0000
     62.30      1487.01      0.00     1.00       0.0000    0.0000
     63.00      1487.01      0.00     1.00       0.0000    0.0000
     63.70      1487.01      0.00     1.00       0.0000    0.0000
     64.40      1487.01      0.00     1.00       0.0000    0.0000
     65.10      1487.01      0.00     1.00       0.0000    0.0000
     65.80      1487.01      0.00     1.00       0.0000    0.0000
     66.50      1487.01      0.00     1.00       0.0000    0.0000
     67.20      1487.01      0.00     1.00       0.0000    0.0000
     67.90      1487.01      0.00     1.00       0.0000    0.0000
     68.60      1487.01      0.00     1.00       0.0000    0.0000
     69.30      1487.01      0.00     1.00       0.0000    0.0000

                              ( RMS roughness =  0.500     m )
     ACOUSTO-ELASTIC half-space
     69.30      1800.00      0.00     2.00       0.9000    0.0000

 cLow =   0.0000     m/s      cHigh =   1801.0     m/s
 RMax =  0.16000     km

 __________________________________________________________________________

 Number of Source   depths, Sz =            1
 Source   depths, Sz (m)
   4.00000    


 __________________________________________________________________________

 Number of Receiver depths, Rz =          200
 Receiver depths, Rz (m)
   0.00000      0.396586      0.793173       1.18976       1.58635    
   1.98293       2.37952       2.77610       3.17269       3.56928    
          ... 
   78.9207    

 Warning in ReadSzRz : Receiver below or too near the bottom bdry has been moved up

 Mesh multiplier   CPU seconds
 Max. number of restarts in root finder, MaxTries =            1
        1             0.00    s
 Max. number of restarts in root finder, MaxTries =            1
        2             0.00    s

    I    k (1/m)            alpha (1/m)   Phase Speed (m/s) Group Speed (m/s)
    1  0.3059046966     -0.2426797421E-04   1499.396814       1478.421736    
    2  0.2979224978     -0.8778907166E-04   1539.569958       1447.954697    
    3  0.2837387068     -0.1950480440E-03   1616.531395       1388.582717    
    4  0.2624500666     -0.4874250482E-03   1747.656358       1305.633249    
 _________________________________________________

 End of environmental file
